E:/Users/Steven/Documents/GitHub/STM32/STM32CubeIDE/workspace/STM32F103C8T6/LCD_16x2_I2C_STM32F103C8/Core/Src/stm32f1xx_it.c:70:6:NMI_Handler	4	static
E:/Users/Steven/Documents/GitHub/STM32/STM32CubeIDE/workspace/STM32F103C8T6/LCD_16x2_I2C_STM32F103C8/Core/Src/stm32f1xx_it.c:85:6:HardFault_Handler	4	static
E:/Users/Steven/Documents/GitHub/STM32/STM32CubeIDE/workspace/STM32F103C8T6/LCD_16x2_I2C_STM32F103C8/Core/Src/stm32f1xx_it.c:100:6:MemManage_Handler	4	static
E:/Users/Steven/Documents/GitHub/STM32/STM32CubeIDE/workspace/STM32F103C8T6/LCD_16x2_I2C_STM32F103C8/Core/Src/stm32f1xx_it.c:115:6:BusFault_Handler	4	static
E:/Users/Steven/Documents/GitHub/STM32/STM32CubeIDE/workspace/STM32F103C8T6/LCD_16x2_I2C_STM32F103C8/Core/Src/stm32f1xx_it.c:130:6:UsageFault_Handler	4	static
E:/Users/Steven/Documents/GitHub/STM32/STM32CubeIDE/workspace/STM32F103C8T6/LCD_16x2_I2C_STM32F103C8/Core/Src/stm32f1xx_it.c:145:6:SVC_Handler	4	static
E:/Users/Steven/Documents/GitHub/STM32/STM32CubeIDE/workspace/STM32F103C8T6/LCD_16x2_I2C_STM32F103C8/Core/Src/stm32f1xx_it.c:158:6:DebugMon_Handler	4	static
E:/Users/Steven/Documents/GitHub/STM32/STM32CubeIDE/workspace/STM32F103C8T6/LCD_16x2_I2C_STM32F103C8/Core/Src/stm32f1xx_it.c:171:6:PendSV_Handler	4	static
E:/Users/Steven/Documents/GitHub/STM32/STM32CubeIDE/workspace/STM32F103C8T6/LCD_16x2_I2C_STM32F103C8/Core/Src/stm32f1xx_it.c:184:6:SysTick_Handler	8	static
