E:/Users/Steven/Documents/GitHub/STM32/CubeMX/Project/Nucleo_446ZE_Flash_Blue_LED/Core/Src/main.c:69:5:main	8	static
E:/Users/Steven/Documents/GitHub/STM32/CubeMX/Project/Nucleo_446ZE_Flash_Blue_LED/Core/Src/main.c:124:6:SystemClock_Config	88	static
E:/Users/Steven/Documents/GitHub/STM32/CubeMX/Project/Nucleo_446ZE_Flash_Blue_LED/Core/Src/main.c:171:13:MX_USART3_UART_Init	8	static
E:/Users/Steven/Documents/GitHub/STM32/CubeMX/Project/Nucleo_446ZE_Flash_Blue_LED/Core/Src/main.c:204:13:MX_GPIO_Init	56	static
E:/Users/Steven/Documents/GitHub/STM32/CubeMX/Project/Nucleo_446ZE_Flash_Blue_LED/Core/Src/main.c:278:6:Error_Handler	4	static,ignoring_inline_asm
