E:/Users/Steven/Documents/GitHub/STM32/CubeMX/Project/Nucleo-L432KC_flash_LED_and_print/Core/Src/main.c:95:5:main	16	static
E:/Users/Steven/Documents/GitHub/STM32/CubeMX/Project/Nucleo-L432KC_flash_LED_and_print/Core/Src/main.c:176:6:SystemClock_Config	96	static
E:/Users/Steven/Documents/GitHub/STM32/CubeMX/Project/Nucleo-L432KC_flash_LED_and_print/Core/Src/main.c:235:13:MX_USART2_UART_Init	8	static
E:/Users/Steven/Documents/GitHub/STM32/CubeMX/Project/Nucleo-L432KC_flash_LED_and_print/Core/Src/main.c:268:13:MX_GPIO_Init	40	static
E:/Users/Steven/Documents/GitHub/STM32/CubeMX/Project/Nucleo-L432KC_flash_LED_and_print/Core/Src/main.c:309:6:Error_Handler	8	static,ignoring_inline_asm
