../Core/Src/main.c:72:6:send_Task1	32	static
../Core/Src/main.c:105:5:main	104	static
../Core/Src/main.c:191:6:SystemClock_Config	96	static
../Core/Src/main.c:241:13:MX_USART2_UART_Init	8	static
../Core/Src/main.c:276:13:MX_GPIO_Init	40	static
../Core/Src/main.c:322:6:StartDefaultTask	16	static
../Core/Src/main.c:340:6:Task1_init	16	static
../Core/Src/main.c:365:6:Task2_init	16	static
../Core/Src/main.c:389:6:HAL_TIM_PeriodElapsedCallback	16	static
../Core/Src/main.c:407:6:Error_Handler	4	static,ignoring_inline_asm
