../Core/Src/main.c:72:6:send_Task1	32	static
../Core/Src/main.c:105:5:main	104	static
../Core/Src/main.c:190:6:SystemClock_Config	96	static
../Core/Src/main.c:237:13:MX_USART2_UART_Init	8	static
../Core/Src/main.c:270:13:MX_GPIO_Init	40	static
../Core/Src/main.c:315:6:StartDefaultTask	16	static
../Core/Src/main.c:332:6:Task1_init	16	static
../Core/Src/main.c:358:6:Task2_init	16	static
../Core/Src/main.c:381:6:HAL_TIM_PeriodElapsedCallback	16	static
../Core/Src/main.c:397:6:Error_Handler	4	static,ignoring_inline_asm
