E:/Users/Steven/Documents/GitHub/STM32/STM32CubeIDE/workspace/STM32F103C8T6/LCD_16x2_I2C_STM32F103C8/Drivers/STM32F1xx_HAL_Driver/Src/stm32f1xx_hal_flash.c:168:19:HAL_FLASH_Program	48	static
E:/Users/Steven/Documents/GitHub/STM32/STM32CubeIDE/workspace/STM32F103C8T6/LCD_16x2_I2C_STM32F103C8/Drivers/STM32F1xx_HAL_Driver/Src/stm32f1xx_hal_flash.c:267:19:HAL_FLASH_Program_IT	32	static
E:/Users/Steven/Documents/GitHub/STM32/STM32CubeIDE/workspace/STM32F103C8T6/LCD_16x2_I2C_STM32F103C8/Drivers/STM32F1xx_HAL_Driver/Src/stm32f1xx_hal_flash.c:332:6:HAL_FLASH_IRQHandler	16	static
E:/Users/Steven/Documents/GitHub/STM32/STM32CubeIDE/workspace/STM32F103C8T6/LCD_16x2_I2C_STM32F103C8/Drivers/STM32F1xx_HAL_Driver/Src/stm32f1xx_hal_flash.c:606:13:HAL_FLASH_EndOfOperationCallback	16	static
E:/Users/Steven/Documents/GitHub/STM32/STM32CubeIDE/workspace/STM32F103C8T6/LCD_16x2_I2C_STM32F103C8/Drivers/STM32F1xx_HAL_Driver/Src/stm32f1xx_hal_flash.c:624:13:HAL_FLASH_OperationErrorCallback	16	static
E:/Users/Steven/Documents/GitHub/STM32/STM32CubeIDE/workspace/STM32F103C8T6/LCD_16x2_I2C_STM32F103C8/Drivers/STM32F1xx_HAL_Driver/Src/stm32f1xx_hal_flash.c:657:19:HAL_FLASH_Unlock	16	static
E:/Users/Steven/Documents/GitHub/STM32/STM32CubeIDE/workspace/STM32F103C8T6/LCD_16x2_I2C_STM32F103C8/Drivers/STM32F1xx_HAL_Driver/Src/stm32f1xx_hal_flash.c:695:19:HAL_FLASH_Lock	4	static
E:/Users/Steven/Documents/GitHub/STM32/STM32CubeIDE/workspace/STM32F103C8T6/LCD_16x2_I2C_STM32F103C8/Drivers/STM32F1xx_HAL_Driver/Src/stm32f1xx_hal_flash.c:712:19:HAL_FLASH_OB_Unlock	4	static
E:/Users/Steven/Documents/GitHub/STM32/STM32CubeIDE/workspace/STM32F103C8T6/LCD_16x2_I2C_STM32F103C8/Drivers/STM32F1xx_HAL_Driver/Src/stm32f1xx_hal_flash.c:732:19:HAL_FLASH_OB_Lock	4	static
E:/Users/Steven/Documents/GitHub/STM32/STM32CubeIDE/workspace/STM32F103C8T6/LCD_16x2_I2C_STM32F103C8/Drivers/STM32F1xx_HAL_Driver/Src/stm32f1xx_hal_flash.c:745:6:HAL_FLASH_OB_Launch	8	static
E:/Users/Steven/Documents/GitHub/STM32/STM32CubeIDE/workspace/STM32F103C8T6/LCD_16x2_I2C_STM32F103C8/Drivers/STM32F1xx_HAL_Driver/Src/stm32f1xx_hal_flash.c:774:10:HAL_FLASH_GetError	4	static
E:/Users/Steven/Documents/GitHub/STM32/STM32CubeIDE/workspace/STM32F103C8T6/LCD_16x2_I2C_STM32F103C8/Drivers/STM32F1xx_HAL_Driver/Src/stm32f1xx_hal_flash.c:797:13:FLASH_Program_HalfWord	16	static
E:/Users/Steven/Documents/GitHub/STM32/STM32CubeIDE/workspace/STM32F103C8T6/LCD_16x2_I2C_STM32F103C8/Drivers/STM32F1xx_HAL_Driver/Src/stm32f1xx_hal_flash.c:826:19:FLASH_WaitForLastOperation	24	static
E:/Users/Steven/Documents/GitHub/STM32/STM32CubeIDE/workspace/STM32F103C8T6/LCD_16x2_I2C_STM32F103C8/Drivers/STM32F1xx_HAL_Driver/Src/stm32f1xx_hal_flash.c:914:13:FLASH_SetErrorCode	16	static
