E:/Users/Steven/Documents/GitHub/STM32/STM32CubeIDE/workspace/STM32F103C8T6/LCD_16x2_I2C_STM32F103C8/Core/Src/main.c:66:5:main	1
E:/Users/Steven/Documents/GitHub/STM32/STM32CubeIDE/workspace/STM32F103C8T6/LCD_16x2_I2C_STM32F103C8/Core/Src/main.c:110:6:SystemClock_Config	3
E:/Users/Steven/Documents/GitHub/STM32/STM32CubeIDE/workspace/STM32F103C8T6/LCD_16x2_I2C_STM32F103C8/Core/Src/main.c:149:13:MX_I2C1_Init	2
E:/Users/Steven/Documents/GitHub/STM32/STM32CubeIDE/workspace/STM32F103C8T6/LCD_16x2_I2C_STM32F103C8/Core/Src/main.c:183:13:MX_GPIO_Init	1
E:/Users/Steven/Documents/GitHub/STM32/STM32CubeIDE/workspace/STM32F103C8T6/LCD_16x2_I2C_STM32F103C8/Core/Src/main.c:213:6:Error_Handler	1
