18:21:24 **** Incremental Build of configuration Debug for project STM32F103C8T6_blink_print_flash_size_unique_device_ID ****
make -j8 all 
arm-none-eabi-gcc "../Core/Src/main.c" -mcpu=cortex-m3 -std=gnu11 -g3 -DDEBUG -DUSE_HAL_DRIVER -DSTM32F103xB -c -I../Core/Inc -I../Drivers/STM32F1xx_HAL_Driver/Inc/Legacy -I../Drivers/STM32F1xx_HAL_Driver/Inc -I../Drivers/CMSIS/Device/ST/STM32F1xx/Include -I../Drivers/CMSIS/Include -O0 -ffunction-sections -fdata-sections -Wall -fstack-usage -fcyclomatic-complexity -MMD -MP -MF"Core/Src/main.d" -MT"Core/Src/main.o" --specs=nano.specs -mfloat-abi=soft -mthumb -o "Core/Src/main.o"
arm-none-eabi-gcc -o "STM32F103C8T6_blink_print_flash_size_unique_device_ID.elf" @"objects.list"   -mcpu=cortex-m3 -T"E:\Users\Steven\Documents\GitHub\STM32\STM32CubeIDE\workspace_1.14.0\STM32F103C8T6\STM32F103C8T6_blink_print_flash_size_unique_device_ID\STM32F103C8TX_FLASH.ld" --specs=nosys.specs -Wl,-Map="STM32F103C8T6_blink_print_flash_size_unique_device_ID.map" -Wl,--gc-sections -static --specs=nano.specs -mfloat-abi=soft -mthumb -Wl,--start-group -lc -lm -Wl,--end-group
Finished building target: STM32F103C8T6_blink_print_flash_size_unique_device_ID.elf
 
arm-none-eabi-size  STM32F103C8T6_blink_print_flash_size_unique_device_ID.elf 
arm-none-eabi-objdump -h -S STM32F103C8T6_blink_print_flash_size_unique_device_ID.elf  > "STM32F103C8T6_blink_print_flash_size_unique_device_ID.list"
   text	   data	    bss	    dec	    hex	filename
   9248	    112	   1904	  11264	   2c00	STM32F103C8T6_blink_print_flash_size_unique_device_ID.elf
Finished building: default.size.stdout
 
Finished building: STM32F103C8T6_blink_print_flash_size_unique_device_ID.list
 
18:21:31 **** Incremental Build of configuration Debug for project STM32F103C8T6_blink_print_flash_size_unique_device_ID ****
make -j8 all 
arm-none-eabi-size  STM32F103C8T6_blink_print_flash_size_unique_device_ID.elf 
   text	   data	    bss	    dec	    hex	filename
   9248	    112	   1904	  11264	   2c00	STM32F103C8T6_blink_print_flash_size_unique_device_ID.elf
Finished building: default.size.stdout
 
16:13:58 **** Build of configuration Debug for project STM32F103C8T6_blink_print_flash_size_unique_device_ID ****
make -j8 all 
arm-none-eabi-gcc "../Core/Src/main.c" -mcpu=cortex-m3 -std=gnu11 -g3 -DDEBUG -DUSE_HAL_DRIVER -DSTM32F103xB -c -I../Core/Inc -I../Drivers/STM32F1xx_HAL_Driver/Inc/Legacy -I../Drivers/STM32F1xx_HAL_Driver/Inc -I../Drivers/CMSIS/Device/ST/STM32F1xx/Include -I../Drivers/CMSIS/Include -O0 -ffunction-sections -fdata-sections -Wall -fstack-usage -fcyclomatic-complexity -MMD -MP -MF"Core/Src/main.d" -MT"Core/Src/main.o" --specs=nano.specs -mfloat-abi=soft -mthumb -o "Core/Src/main.o"
arm-none-eabi-gcc -o "STM32F103C8T6_blink_print_flash_size_unique_device_ID.elf" @"objects.list"   -mcpu=cortex-m3 -T"E:\Users\Steven\Documents\GitHub\STM32\STM32CubeIDE\workspace_1.14.0\STM32F103C8T6\STM32F103C8T6_blink_print_flash_size_unique_device_ID\STM32F103C8TX_FLASH.ld" --specs=nosys.specs -Wl,-Map="STM32F103C8T6_blink_print_flash_size_unique_device_ID.map" -Wl,--gc-sections -static --specs=nano.specs -mfloat-abi=soft -mthumb -Wl,--start-group -lc -lm -Wl,--end-group
Finished building target: STM32F103C8T6_blink_print_flash_size_unique_device_ID.elf
 
arm-none-eabi-size  STM32F103C8T6_blink_print_flash_size_unique_device_ID.elf 
arm-none-eabi-objdump -h -S STM32F103C8T6_blink_print_flash_size_unique_device_ID.elf  > "STM32F103C8T6_blink_print_flash_size_unique_device_ID.list"
   text	   data	    bss	    dec	    hex	filename
   9248	    112	   1904	  11264	   2c00	STM32F103C8T6_blink_print_flash_size_unique_device_ID.elf
Finished building: default.size.stdout
 
Finished building: STM32F103C8T6_blink_print_flash_size_unique_device_ID.list
 
16:27:43 **** Incremental Build of configuration Debug for project STM32F103C8T6_blink_print_flash_size_unique_device_ID ****
make -j8 all 
arm-none-eabi-size  STM32F103C8T6_blink_print_flash_size_unique_device_ID.elf 
   text	   data	    bss	    dec	    hex	filename
   9248	    112	   1904	  11264	   2c00	STM32F103C8T6_blink_print_flash_size_unique_device_ID.elf
Finished building: default.size.stdout
 
17:53:43 **** Incremental Build of configuration Debug for project STM32F103C8T6_blink_print_flash_size_unique_device_ID ****
make -j8 all 
arm-none-eabi-size  STM32F103C8T6_blink_print_flash_size_unique_device_ID.elf 
   text	   data	    bss	    dec	    hex	filename
   9248	    112	   1904	  11264	   2c00	STM32F103C8T6_blink_print_flash_size_unique_device_ID.elf
Finished building: default.size.stdout
 
17:54:59 **** Incremental Build of configuration Debug for project STM32F103C8T6_blink_print_flash_size_unique_device_ID ****
make -j8 all 
arm-none-eabi-gcc "../Core/Src/main.c" -mcpu=cortex-m3 -std=gnu11 -g3 -DDEBUG -DUSE_HAL_DRIVER -DSTM32F103xB -c -I../Core/Inc -I../Drivers/STM32F1xx_HAL_Driver/Inc/Legacy -I../Drivers/STM32F1xx_HAL_Driver/Inc -I../Drivers/CMSIS/Device/ST/STM32F1xx/Include -I../Drivers/CMSIS/Include -O0 -ffunction-sections -fdata-sections -Wall -fstack-usage -fcyclomatic-complexity -MMD -MP -MF"Core/Src/main.d" -MT"Core/Src/main.o" --specs=nano.specs -mfloat-abi=soft -mthumb -o "Core/Src/main.o"
arm-none-eabi-gcc -o "STM32F103C8T6_blink_print_flash_size_unique_device_ID.elf" @"objects.list"   -mcpu=cortex-m3 -T"E:\Users\Steven\Documents\GitHub\STM32\STM32CubeIDE\workspace_1.14.0\STM32F103C8T6\STM32F103C8T6_blink_print_flash_size_unique_device_ID\STM32F103C8TX_FLASH.ld" --specs=nosys.specs -Wl,-Map="STM32F103C8T6_blink_print_flash_size_unique_device_ID.map" -Wl,--gc-sections -static --specs=nano.specs -mfloat-abi=soft -mthumb -Wl,--start-group -lc -lm -Wl,--end-group
Finished building target: STM32F103C8T6_blink_print_flash_size_unique_device_ID.elf
 
arm-none-eabi-size  STM32F103C8T6_blink_print_flash_size_unique_device_ID.elf 
arm-none-eabi-objdump -h -S STM32F103C8T6_blink_print_flash_size_unique_device_ID.elf  > "STM32F103C8T6_blink_print_flash_size_unique_device_ID.list"
   text	   data	    bss	    dec	    hex	filename
   9252	    112	   1904	  11268	   2c04	STM32F103C8T6_blink_print_flash_size_unique_device_ID.elf
Finished building: default.size.stdout
 
Finished building: STM32F103C8T6_blink_print_flash_size_unique_device_ID.list
 
