E:/Users/Steven/Documents/GitHub/STM32/CubeMX/Project/Nucleo_446ZE_Flash_Blue_LED/Middlewares/Third_Party/RealThread_RTOS_RT-Thread/src/clock.c:66:11:rt_tick_get	4	static
E:/Users/Steven/Documents/GitHub/STM32/CubeMX/Project/Nucleo_446ZE_Flash_Blue_LED/Middlewares/Third_Party/RealThread_RTOS_RT-Thread/src/clock.c:78:6:rt_tick_set	24	static
E:/Users/Steven/Documents/GitHub/STM32/CubeMX/Project/Nucleo_446ZE_Flash_Blue_LED/Middlewares/Third_Party/RealThread_RTOS_RT-Thread/src/clock.c:91:6:rt_tick_increase	16	static
E:/Users/Steven/Documents/GitHub/STM32/CubeMX/Project/Nucleo_446ZE_Flash_Blue_LED/Middlewares/Third_Party/RealThread_RTOS_RT-Thread/src/clock.c:139:11:rt_tick_from_millisecond	24	static
E:/Users/Steven/Documents/GitHub/STM32/CubeMX/Project/Nucleo_446ZE_Flash_Blue_LED/Middlewares/Third_Party/RealThread_RTOS_RT-Thread/src/clock.c:167:19:rt_tick_get_millisecond	8	static
