E:/Users/Steven/Documents/GitHub/STM32/CubeMX/Project/Nucleo_446ZE_Flash_Blue_LED/Middlewares/Third_Party/RealThread_RTOS_RT-Thread/libcpu/arm/cortex-m4/cpuport.c:141:13:rt_hw_stack_init	40	static
E:/Users/Steven/Documents/GitHub/STM32/CubeMX/Project/Nucleo_446ZE_Flash_Blue_LED/Middlewares/Third_Party/RealThread_RTOS_RT-Thread/libcpu/arm/cortex-m4/cpuport.c:184:6:rt_hw_exception_install	16	static
E:/Users/Steven/Documents/GitHub/STM32/CubeMX/Project/Nucleo_446ZE_Flash_Blue_LED/Middlewares/Third_Party/RealThread_RTOS_RT-Thread/libcpu/arm/cortex-m4/cpuport.c:372:6:rt_hw_hard_fault_exception	32	static
E:/Users/Steven/Documents/GitHub/STM32/CubeMX/Project/Nucleo_446ZE_Flash_Blue_LED/Middlewares/Third_Party/RealThread_RTOS_RT-Thread/libcpu/arm/cortex-m4/cpuport.c:434:14:rt_hw_cpu_shutdown	8	static
E:/Users/Steven/Documents/GitHub/STM32/CubeMX/Project/Nucleo_446ZE_Flash_Blue_LED/Middlewares/Third_Party/RealThread_RTOS_RT-Thread/libcpu/arm/cortex-m4/cpuport.c:444:14:rt_hw_cpu_reset	4	static
