<html>
<body>
<pre>
<h1>µVision Build Log</h1>
<h2>Tool Versions:</h2>
IDE-Version: ÂµVision V5.42.0.0
Copyright (C) 2025 ARM Ltd and ARM Germany GmbH. All rights reserved.
License Information: Steven Bennett
BSS
User-based license: Keil MDK Community (non-commercial free of charge)
Valid until: May 31 2033. Cached until: Apr 7 2025
 
Tool Versions:
Toolchain:       Keil MDK Community (non-commercial free of charge  Version: 5.42.0.0
Toolchain Path:  C:\Users\Steven\AppData\Local\Keil_v5\ARM\ARMCLANG\Bin
C Compiler:      ArmClang.exe V6.23
Assembler:       Armasm.exe V6.23
Linker/Locator:  ArmLink.exe V6.23
Library Manager: ArmAr.exe V6.23
Hex Converter:   FromElf.exe V6.23
CPU DLL:         SARMCM3.DLL V5.42.0.0
Dialog DLL:      DCM.DLL V1.17.5.0
Target DLL:      STLink\ST-LINKIII-KEIL_SWO.dll V3.3.0.0
Dialog DLL:      TCM.DLL V1.56.6.0
 
<h2>Project:</h2>
E:\Users\Steven\Documents\GitHub\STM32\CubeMX\Project\NucleoL432KC_nanov4.1.1_example\MDK-ARM\NucleoL432KC_nanov4.1.1_example.uvprojx
Project File Date:  04/01/2025

<h2>Output:</h2>
*** Using Compiler 'V6.23', folder: 'C:\Users\Steven\AppData\Local\Keil_v5\ARM\ARMCLANG\Bin'
Rebuild target 'NucleoL432KC_nanov4.1.1_example'
assembling startup_stm32l432xx.s...
compiling stm32l4xx_it.c...
compiling stm32l4xx_hal.c...
compiling main.c...
compiling stm32l4xx_hal_msp.c...
compiling stm32l4xx_hal_rcc.c...
compiling stm32l4xx_hal_rcc_ex.c...
compiling stm32l4xx_hal_flash_ramfunc.c...
compiling stm32l4xx_hal_flash.c...
compiling stm32l4xx_hal_gpio.c...
compiling stm32l4xx_hal_i2c.c...
compiling stm32l4xx_hal_flash_ex.c...
compiling stm32l4xx_hal_i2c_ex.c...
compiling stm32l4xx_hal_dma.c...
compiling stm32l4xx_hal_dma_ex.c...
compiling stm32l4xx_hal_pwr.c...
compiling stm32l4xx_hal_cortex.c...
compiling stm32l4xx_hal_pwr_ex.c...
compiling stm32l4xx_hal_exti.c...
compiling system_stm32l4xx.c...
compiling stm32l4xx_hal_uart_ex.c...
compiling msh_file.c...
compiling msh_parse.c...
compiling cmd.c...
compiling msh.c...
compiling shell.c...
compiling stm32l4xx_hal_uart.c...
compiling cpuport.c...
compiling cpu.c...
compiling clock.c...
compiling components.c...
assembling context_rvds.S...
compiling idle.c...
compiling ipc.c...
compiling irq.c...
compiling mem.c...
compiling memheap.c...
compiling mempool.c...
compiling object.c...
compiling signal.c...
compiling scheduler.c...
compiling slab.c...
compiling kservice.c...
compiling thread.c...
compiling timer.c...
compiling board.c...
linking...
Program Size: Code=25384 RO-data=1908 RW-data=68 ZI-data=5284  
FromELF: creating hex file...
"NucleoL432KC_nanov4.1.1_example\NucleoL432KC_nanov4.1.1_example" - 0 Error(s), 0 Warning(s).

<h2>Software Packages used:</h2>

Package Vendor: ARM
                https://www.keil.com/pack/ARM.CMSIS.6.1.0.pack
                ARM::CMSIS@6.1.0
                CMSIS (Common Microcontroller Software Interface Standard)
   * Component: CORE Version: 6.1.0

Package Vendor: Keil
                https://www.keil.com/pack/Keil.STM32L4xx_DFP.3.0.0.pack
                Keil::STM32L4xx_DFP@3.0.0
                STMicroelectronics STM32L4 Series Device Support

<h2>Collection of Component include folders:</h2>
  ./RTE/_NucleoL432KC_nanov4.1.1_example
  C:/Users/Steven/AppData/Local/Arm/Packs/ARM/CMSIS/6.1.0/CMSIS/Core/Include

<h2>Collection of Component Files used:</h2>

   * Component: ARM::CMSIS:CORE@6.1.0
      Include file:  CMSIS/Core/Include/tz_context.h
Build Time Elapsed:  00:00:06
</pre>
</body>
</html>
