10:41:55 **** Incremental Build of configuration Debug for project ADC_STM32F030 ****
make -j8 all 
arm-none-eabi-gcc -o "ADC_STM32F030.elf" @"objects.list"   -mcpu=cortex-m0 -T"E:\Users\Steven\Documents\GitHub\STM32\STM32CubeIDE\workspace\STM32F030\ADC_STM32F030\STM32F030F4PX_FLASH.ld" --specs=nosys.specs -Wl,-Map="ADC_STM32F030.map" -Wl,--gc-sections -static --specs=nano.specs -mfloat-abi=soft -mthumb -Wl,--start-group -lc -lm -Wl,--end-group
Finished building target: ADC_STM32F030.elf
 
arm-none-eabi-size  ADC_STM32F030.elf 
arm-none-eabi-objdump -h -S ADC_STM32F030.elf  > "ADC_STM32F030.list"
   text	   data	    bss	    dec	    hex	filename
  12500	     12	   1788	  14300	   37dc	ADC_STM32F030.elf
Finished building: default.size.stdout
 
Finished building: ADC_STM32F030.list
 

10:41:56 Build Finished. 0 errors, 0 warnings. (took 624ms)

