11:07:09 **** Incremental Build of configuration Debug for project Debug ****
make -j8 all 
arm-none-eabi-gcc -o "Debug.elf" @"objects.list"   -mcpu=cortex-m4 -T"E:\Users\Steven\Documents\GitHub\STM32\STM32CubeIDE\workspace\Projects old\STM32CubeIDE_Adv_Debug\STM32F401RETX_FLASH.ld" --specs=nosys.specs -Wl,-Map="Debug.map" -Wl,--gc-sections -static --specs=nano.specs -mfpu=fpv4-sp-d16 -mfloat-abi=hard -mthumb -Wl,--start-group -lc -lm -Wl,--end-group
Finished building target: Debug.elf
 
arm-none-eabi-size  Debug.elf 
arm-none-eabi-objdump -h -S Debug.elf  > "Debug.list"
   text	   data	    bss	    dec	    hex	filename
  15844	    104	   2072	  18020	   4664	Debug.elf
Finished building: default.size.stdout
 
Finished building: Debug.list
 

11:07:10 Build Finished. 0 errors, 0 warnings. (took 568ms)

