19:10:38 **** Incremental Build of configuration Debug for project Nucleo_F466ZE_LED_Blink ****
make -j8 all 
arm-none-eabi-gcc "../Core/Src/main.c" -mcpu=cortex-m4 -std=gnu11 -g3 -DDEBUG -DUSE_HAL_DRIVER -DSTM32F446xx -c -I../Core/Inc -I../Drivers/STM32F4xx_HAL_Driver/Inc -I../Drivers/STM32F4xx_HAL_Driver/Inc/Legacy -I../Drivers/CMSIS/Device/ST/STM32F4xx/Include -I../Drivers/CMSIS/Include -O0 -ffunction-sections -fdata-sections -Wall -fstack-usage -fcyclomatic-complexity -MMD -MP -MF"Core/Src/main.d" -MT"Core/Src/main.o" --specs=nano.specs -mfpu=fpv4-sp-d16 -mfloat-abi=hard -mthumb -o "Core/Src/main.o"
arm-none-eabi-gcc -o "Nucleo_F466ZE_LED_Blink.elf" @"objects.list"   -mcpu=cortex-m4 -T"E:\Users\Steven\Documents\GitHub\STM32\STM32CubeIDE\workspace_1.14.0\Nucleo_F466ZE_LED_Blink\STM32F446ZETX_FLASH.ld" --specs=nosys.specs -Wl,-Map="Nucleo_F466ZE_LED_Blink.map" -Wl,--gc-sections -static --specs=nano.specs -mfpu=fpv4-sp-d16 -mfloat-abi=hard -mthumb -Wl,--start-group -lc -lm -Wl,--end-group
Finished building target: Nucleo_F466ZE_LED_Blink.elf
 
arm-none-eabi-size  Nucleo_F466ZE_LED_Blink.elf 
arm-none-eabi-objdump -h -S Nucleo_F466ZE_LED_Blink.elf  > "Nucleo_F466ZE_LED_Blink.list"
   text	   data	    bss	    dec	    hex	filename
  17340	    124	   3236	  20700	   50dc	Nucleo_F466ZE_LED_Blink.elf
Finished building: default.size.stdout
 
Finished building: Nucleo_F466ZE_LED_Blink.list
 

19:10:40 Build Finished. 0 errors, 0 warnings. (took 2s.324ms)

