19:02:49 **** Incremental Build of configuration Debug for project Nucleo-L432KC ****
make -j8 all 
arm-none-eabi-gcc "../Core/Src/main.c" -mcpu=cortex-m4 -std=gnu11 -g3 -DDEBUG -DUSE_HAL_DRIVER -DSTM32L432xx -c -I../Core/Inc -I../Drivers/STM32L4xx_HAL_Driver/Inc -I../Drivers/STM32L4xx_HAL_Driver/Inc/Legacy -I../Drivers/CMSIS/Device/ST/STM32L4xx/Include -I../Drivers/CMSIS/Include -O0 -ffunction-sections -fdata-sections -Wall -fstack-usage -fcyclomatic-complexity -MMD -MP -MF"Core/Src/main.d" -MT"Core/Src/main.o" --specs=nano.specs -mfpu=fpv4-sp-d16 -mfloat-abi=hard -mthumb -o "Core/Src/main.o"
arm-none-eabi-gcc -o "Nucleo-L432KC.elf" @"objects.list"   -mcpu=cortex-m4 -T"E:\Users\Steven\Documents\GitHub\STM32\STM32CubeIDE\workspace_1.14.0\Nucleo-L432KC\STM32L432KCUX_FLASH.ld" --specs=nosys.specs -Wl,-Map="Nucleo-L432KC.map" -Wl,--gc-sections -static --specs=nano.specs -mfpu=fpv4-sp-d16 -mfloat-abi=hard -mthumb -Wl,--start-group -lc -lm -Wl,--end-group
Finished building target: Nucleo-L432KC.elf
 
arm-none-eabi-size  Nucleo-L432KC.elf 
arm-none-eabi-objdump -h -S Nucleo-L432KC.elf  > "Nucleo-L432KC.list"
   text	   data	    bss	    dec	    hex	filename
  11976	     20	   1740	  13736	   35a8	Nucleo-L432KC.elf
Finished building: default.size.stdout
 
Finished building: Nucleo-L432KC.list
 

19:02:50 Build Finished. 0 errors, 0 warnings. (took 1s.670ms)

