13:30:43 **** Incremental Build of configuration Debug for project RTOS_2.0_L432KC ****
make -j8 all 
arm-none-eabi-gcc "../Core/Src/main.c" -mcpu=cortex-m4 -std=gnu11 -g3 -DDEBUG -DUSE_HAL_DRIVER -DSTM32L432xx -c -I../Core/Inc -I../Drivers/STM32L4xx_HAL_Driver/Inc -I../Drivers/STM32L4xx_HAL_Driver/Inc/Legacy -I../Drivers/CMSIS/Device/ST/STM32L4xx/Include -I../Drivers/CMSIS/Include -I../Middlewares/Third_Party/FreeRTOS/Source/include -I../Middlewares/Third_Party/FreeRTOS/Source/CMSIS_RTOS -I../Middlewares/Third_Party/FreeRTOS/Source/portable/GCC/ARM_CM4F -O0 -ffunction-sections -fdata-sections -Wall -fstack-usage -fcyclomatic-complexity -MMD -MP -MF"Core/Src/main.d" -MT"Core/Src/main.o" --specs=nano.specs -mfpu=fpv4-sp-d16 -mfloat-abi=hard -mthumb -o "Core/Src/main.o"
arm-none-eabi-gcc -o "RTOS_2.0_L432KC.elf" @"objects.list"   -mcpu=cortex-m4 -T"E:\Users\Steven\Documents\GitHub\STM32\STM32CubeIDE\workspace\RTOS_2.0_L432KC\STM32L432KCUX_FLASH.ld" --specs=nosys.specs -Wl,-Map="RTOS_2.0_L432KC.map" -Wl,--gc-sections -static --specs=nano.specs -mfpu=fpv4-sp-d16 -mfloat-abi=hard -mthumb -Wl,--start-group -lc -lm -Wl,--end-group
Finished building target: RTOS_2.0_L432KC.elf
 
arm-none-eabi-size  RTOS_2.0_L432KC.elf 
arm-none-eabi-objdump -h -S RTOS_2.0_L432KC.elf  > "RTOS_2.0_L432KC.list"
   text	   data	    bss	    dec	    hex	filename
  16104	    108	   5996	  22208	   56c0	RTOS_2.0_L432KC.elf
Finished building: default.size.stdout
 
Finished building: RTOS_2.0_L432KC.list
 

13:30:46 Build Finished. 0 errors, 0 warnings. (took 3s.453ms)

