10:55:25 **** Incremental Build of configuration Debug for project STM32F103RET6_Mini_Board_blink ****
make -j8 all 
arm-none-eabi-gcc -o "STM32F103RET6_Mini_Board_blink.elf" @"objects.list"   -mcpu=cortex-m3 -T"E:\Users\Steven\Documents\GitHub\STM32\STM32CubeIDE\workspace\STM32F103RET6_Mini_Board\STM32F103RET6_Mini_Board_blink\STM32F103RETX_FLASH.ld" --specs=nosys.specs -Wl,-Map="STM32F103RET6_Mini_Board_blink.map" -Wl,--gc-sections -static --specs=nano.specs -mfloat-abi=soft -mthumb -Wl,--start-group -lc -lm -Wl,--end-group
Finished building target: STM32F103RET6_Mini_Board_blink.elf
 
arm-none-eabi-size  STM32F103RET6_Mini_Board_blink.elf 
arm-none-eabi-objdump -h -S STM32F103RET6_Mini_Board_blink.elf  > "STM32F103RET6_Mini_Board_blink.list"
   text	   data	    bss	    dec	    hex	filename
   8976	    104	   1912	  10992	   2af0	STM32F103RET6_Mini_Board_blink.elf
Finished building: default.size.stdout
 
Finished building: STM32F103RET6_Mini_Board_blink.list
 

10:55:26 Build Finished. 0 errors, 0 warnings. (took 575ms)

